WARNING:accelerate.utils.other:[RANK 0] Detected kernel version 4.18.0, which is below the recommended minimum of 5.5.0; this can cause the process to hang. It is recommended to upgrade the kernel to the minimum version or higher.
INFO 2026-08-19 18:31:01 ot_train.py:197 {'batch_size': 64,
 'checkpoint_path': None,
 'dataset': {'episodes': [0,
                          1,
                          2,
                          3,
                          4,
                          5,
                          6,
                          7,
                          8,
                          9,
                          10,
                          11,
                          12,
                          13,
                          14,
                          15,
                          16,
                          17,
                          18,
                          19,
                          20,
                          21,
                          22,
                          23,
                          24],
             'image_transforms': {'enable': False,
                                  'max_num_transforms': 3,
                                  'random_order': False,
                                  'tfs': {'affine': {'kwargs': {'degrees': [-5.0,
                                                                            5.0],
                                                                'translate': [0.05,
                                                                              0.05]},
                                                     'type': 'RandomAffine',
                                                     'weight': 1.0},
                                          'brightness': {'kwargs': {'brightness': [0.8,
                                                                                   1.2]},
                                                         'type': 'ColorJitter',
                                                         'weight': 1.0},
                                          'contrast': {'kwargs': {'contrast': [0.8,
                                                                               1.2]},
                                                       'type': 'ColorJitter',
                                                       'weight': 1.0},
                                          'hue': {'kwargs': {'hue': [-0.05,
                                                                     0.05]},
                                                  'type': 'ColorJitter',
                                                  'weight': 1.0},
                                          'saturation': {'kwargs': {'saturation': [0.5,
                                                                                   1.5]},
                                                         'type': 'ColorJitter',
                                                         'weight': 1.0},
                                          'sharpness': {'kwargs': {'sharpness': [0.5,
                                                                                 1.5]},
                                                        'type': 'SharpnessJitter',
                                                        'weight': 1.0}}},
             'repo_id': 'local/L0',
             'revision': None,
             'root': '/leonardo_scratch/fast/EUHPC_B38_106/cog/datasets/L0',
             'streaming': False,
             'use_imagenet_stats': True,
             'video_backend': 'torchcodec'},
 'env': None,
 'eval': {'batch_size': 50, 'n_episodes': 50, 'use_async_envs': False},
 'eval_freq': 0,
 'job_name': '_smoke_resume_52897255',
 'log_freq': 25,
 'num_workers': 8,
 'optimizer': {'betas': [0.95, 0.999],
               'eps': 1e-08,
               'grad_clip_norm': 10.0,
               'lr': 0.0001,
               'type': 'adam',
               'weight_decay': 1e-06},
 'output_dir': '/leonardo_work/EUHPC_B38_106/cog/checkpoints/_smoke_resume_52897255',
 'peft': None,
 'policy': {'beta_end': 0.02,
            'beta_schedule': 'squaredcos_cap_v2',
            'beta_start': 0.0001,
            'clip_sample': True,
            'clip_sample_range': 1.0,
            'compile_mode': 'reduce-overhead',
            'compile_model': False,
            'crop_is_random': True,
            'crop_ratio': 1.0,
            'crop_shape': [112, 112],
            'device': 'cuda',
            'diffusion_step_embed_dim': 128,
            'do_mask_loss_for_padding': False,
            'down_dims': [512, 1024, 2048],
            'drop_n_last_frames': 7,
            'horizon': 16,
            'input_features': {},
            'kernel_size': 5,
            'license': None,
            'n_action_steps': 8,
            'n_groups': 8,
            'n_obs_steps': 2,
            'noise_scheduler_type': 'DDPM',
            'normalization_mapping': {'ACTION': <NormalizationMode.MIN_MAX: 'MIN_MAX'>,
                                      'STATE': <NormalizationMode.MIN_MAX: 'MIN_MAX'>,
                                      'VISUAL': <NormalizationMode.MEAN_STD: 'MEAN_STD'>},
            'num_inference_steps': None,
            'num_train_timesteps': 100,
            'optimizer_betas': [0.95, 0.999],
            'optimizer_eps': 1e-08,
            'optimizer_lr': 0.0001,
            'optimizer_weight_decay': 1e-06,
            'output_features': {},
            'prediction_type': 'epsilon',
            'pretrained_backbone_weights': None,
            'pretrained_path': None,
            'private': None,
            'push_to_hub': False,
            'repo_id': None,
            'resize_shape': None,
            'scheduler_name': 'cosine',
            'scheduler_warmup_steps': 500,
            'spatial_softmax_num_keypoints': 32,
            'tags': None,
            'type': 'diffusion',
            'use_amp': False,
            'use_film_scale_modulation': True,
            'use_group_norm': True,
            'use_peft': False,
            'use_separate_rgb_encoder_per_camera': False,
            'vision_backbone': 'resnet18'},
 'rabc_epsilon': 1e-06,
 'rabc_head_mode': 'sparse',
 'rabc_kappa': 0.01,
 'rabc_progress_path': None,
 'rename_map': {},
 'resume': False,
 'save_checkpoint': True,
 'save_freq': 100,
 'scheduler': {'name': 'cosine', 'num_warmup_steps': 500, 'type': 'diffuser'},
 'seed': 0,
 'steps': 400,
 'tolerance_s': 0.0001,
 'use_policy_training_preset': True,
 'use_rabc': False,
 'wandb': {'disable_artifact': False,
           'enable': False,
           'entity': None,
           'mode': None,
           'notes': None,
           'project': 'lerobot',
           'run_id': None}}
INFO 2026-08-19 18:31:01 ot_train.py:205 Logs will be saved locally.
INFO 2026-08-19 18:31:01 ot_train.py:217 Creating dataset
INFO 2026-08-19 18:31:04 eo_utils.py:106 Using video codec: libsvtav1
INFO 2026-08-19 18:31:05 ot_train.py:235 Creating policy
INFO 2026-08-19 18:31:12 ot_train.py:290 Creating optimizer and scheduler
INFO 2026-08-19 18:31:12 ot_train.py:325 Output dir: /leonardo_work/EUHPC_B38_106/cog/checkpoints/_smoke_resume_52897255
INFO 2026-08-19 18:31:12 ot_train.py:332 cfg.steps=400 (400)
INFO 2026-08-19 18:31:12 ot_train.py:333 dataset.num_frames=5178 (5K)
INFO 2026-08-19 18:31:12 ot_train.py:334 dataset.num_episodes=25
INFO 2026-08-19 18:31:12 ot_train.py:337 Effective batch size: 64 x 1 = 64
INFO 2026-08-19 18:31:12 ot_train.py:338 num_learnable_params=266798375 (267M)
INFO 2026-08-19 18:31:12 ot_train.py:339 num_total_params=266798375 (267M)
INFO 2026-08-19 18:31:12 ot_train.py:403 Start offline training on a fixed dataset, with effective batch size: 64
INFO 2026-08-19 18:32:03 ot_train.py:435 step:25 smpl:2K ep:8 epch:0.31 loss:1.065 grdn:4.545 lr:2.6e-06 updt_s:1.498 data_s:0.526
INFO 2026-08-19 18:32:05 ot_train.py:435 step:50 smpl:3K ep:15 epch:0.62 loss:0.990 grdn:2.134 lr:7.6e-06 updt_s:0.070 data_s:0.006
INFO 2026-08-19 18:32:07 ot_train.py:435 step:75 smpl:5K ep:23 epch:0.93 loss:0.924 grdn:1.889 lr:1.3e-05 updt_s:0.069 data_s:0.004
INFO 2026-08-19 18:32:12 ot_train.py:435 step:100 smpl:6K ep:31 epch:1.24 loss:0.648 grdn:3.415 lr:1.8e-05 updt_s:0.141 data_s:0.050
INFO 2026-08-19 18:32:12 ot_train.py:455 Checkpoint policy after step 100
INFO 2026-08-19 18:32:17 ot_train.py:435 step:125 smpl:8K ep:39 epch:1.54 loss:0.350 grdn:3.979 lr:2.3e-05 updt_s:0.070 data_s:0.005
INFO 2026-08-19 18:32:19 ot_train.py:435 step:150 smpl:10K ep:46 epch:1.85 loss:0.266 grdn:3.370 lr:2.8e-05 updt_s:0.069 data_s:0.005
INFO 2026-08-19 18:32:22 ot_train.py:435 step:175 smpl:11K ep:54 epch:2.16 loss:0.202 grdn:2.735 lr:3.3e-05 updt_s:0.069 data_s:0.048
INFO 2026-08-19 18:32:24 ot_train.py:435 step:200 smpl:13K ep:62 epch:2.47 loss:0.188 grdn:2.634 lr:3.8e-05 updt_s:0.069 data_s:0.005
INFO 2026-08-19 18:32:24 ot_train.py:455 Checkpoint policy after step 200
INFO 2026-08-19 18:32:29 ot_train.py:435 step:225 smpl:14K ep:70 epch:2.78 loss:0.176 grdn:2.881 lr:4.3e-05 updt_s:0.070 data_s:0.004
INFO 2026-08-19 18:32:32 ot_train.py:435 step:250 smpl:16K ep:77 epch:3.09 loss:0.163 grdn:2.519 lr:4.8e-05 updt_s:0.070 data_s:0.047
INFO 2026-08-19 18:32:34 ot_train.py:435 step:275 smpl:18K ep:85 epch:3.40 loss:0.167 grdn:2.436 lr:5.3e-05 updt_s:0.070 data_s:0.005
INFO 2026-08-19 18:32:36 ot_train.py:435 step:300 smpl:19K ep:93 epch:3.71 loss:0.155 grdn:1.966 lr:5.8e-05 updt_s:0.070 data_s:0.004
INFO 2026-08-19 18:32:36 ot_train.py:455 Checkpoint policy after step 300
INFO 2026-08-19 18:32:42 ot_train.py:435 step:325 smpl:21K ep:100 epch:4.02 loss:0.150 grdn:1.950 lr:6.3e-05 updt_s:0.069 data_s:0.053
INFO 2026-08-19 18:32:44 ot_train.py:435 step:350 smpl:22K ep:108 epch:4.33 loss:0.143 grdn:1.902 lr:6.8e-05 updt_s:0.069 data_s:0.005
INFO 2026-08-19 18:32:46 ot_train.py:435 step:375 smpl:24K ep:116 epch:4.63 loss:0.155 grdn:1.580 lr:7.3e-05 updt_s:0.069 data_s:0.006
INFO 2026-08-19 18:32:49 ot_train.py:435 step:400 smpl:26K ep:124 epch:4.94 loss:0.132 grdn:1.725 lr:7.8e-05 updt_s:0.068 data_s:0.053
INFO 2026-08-19 18:32:49 ot_train.py:455 Checkpoint policy after step 400
INFO 2026-08-19 18:32:52 ot_train.py:529 End of training
