WARNING:accelerate.utils.other:[RANK 0] Detected kernel version 4.18.0, which is below the recommended minimum of 5.5.0; this can cause the process to hang. It is recommended to upgrade the kernel to the minimum version or higher.
INFO 2026-08-19 17:52:14 ot_train.py:197 {'batch_size': 256,
 'checkpoint_path': None,
 'dataset': {'episodes': [0,
                          1,
                          2,
                          3,
                          4,
                          5,
                          6,
                          7,
                          8,
                          9,
                          10,
                          11,
                          12,
                          13,
                          14,
                          15,
                          16,
                          17,
                          18,
                          19,
                          20,
                          21,
                          22,
                          23,
                          24],
             'image_transforms': {'enable': False,
                                  'max_num_transforms': 3,
                                  'random_order': False,
                                  'tfs': {'affine': {'kwargs': {'degrees': [-5.0,
                                                                            5.0],
                                                                'translate': [0.05,
                                                                              0.05]},
                                                     'type': 'RandomAffine',
                                                     'weight': 1.0},
                                          'brightness': {'kwargs': {'brightness': [0.8,
                                                                                   1.2]},
                                                         'type': 'ColorJitter',
                                                         'weight': 1.0},
                                          'contrast': {'kwargs': {'contrast': [0.8,
                                                                               1.2]},
                                                       'type': 'ColorJitter',
                                                       'weight': 1.0},
                                          'hue': {'kwargs': {'hue': [-0.05,
                                                                     0.05]},
                                                  'type': 'ColorJitter',
                                                  'weight': 1.0},
                                          'saturation': {'kwargs': {'saturation': [0.5,
                                                                                   1.5]},
                                                         'type': 'ColorJitter',
                                                         'weight': 1.0},
                                          'sharpness': {'kwargs': {'sharpness': [0.5,
                                                                                 1.5]},
                                                        'type': 'SharpnessJitter',
                                                        'weight': 1.0}}},
             'repo_id': 'local/L0',
             'revision': None,
             'root': '/leonardo_scratch/fast/EUHPC_B38_106/cog/datasets/L0',
             'streaming': False,
             'use_imagenet_stats': True,
             'video_backend': 'pyav'},
 'env': None,
 'eval': {'batch_size': 50, 'n_episodes': 50, 'use_async_envs': False},
 'eval_freq': 0,
 'job_name': 'smoke_b256',
 'log_freq': 25,
 'num_workers': 8,
 'optimizer': {'betas': [0.95, 0.999],
               'eps': 1e-08,
               'grad_clip_norm': 10.0,
               'lr': 0.0002,
               'type': 'adam',
               'weight_decay': 1e-06},
 'output_dir': '/leonardo_work/EUHPC_B38_106/cog/checkpoints/_smoke_blr_b256_52878355',
 'peft': None,
 'policy': {'beta_end': 0.02,
            'beta_schedule': 'squaredcos_cap_v2',
            'beta_start': 0.0001,
            'clip_sample': True,
            'clip_sample_range': 1.0,
            'compile_mode': 'reduce-overhead',
            'compile_model': False,
            'crop_is_random': True,
            'crop_ratio': 1.0,
            'crop_shape': [112, 112],
            'device': 'cuda',
            'diffusion_step_embed_dim': 128,
            'do_mask_loss_for_padding': False,
            'down_dims': [512, 1024, 2048],
            'drop_n_last_frames': 7,
            'horizon': 16,
            'input_features': {},
            'kernel_size': 5,
            'license': None,
            'n_action_steps': 8,
            'n_groups': 8,
            'n_obs_steps': 2,
            'noise_scheduler_type': 'DDPM',
            'normalization_mapping': {'ACTION': <NormalizationMode.MIN_MAX: 'MIN_MAX'>,
                                      'STATE': <NormalizationMode.MIN_MAX: 'MIN_MAX'>,
                                      'VISUAL': <NormalizationMode.MEAN_STD: 'MEAN_STD'>},
            'num_inference_steps': None,
            'num_train_timesteps': 100,
            'optimizer_betas': [0.95, 0.999],
            'optimizer_eps': 1e-08,
            'optimizer_lr': 0.0002,
            'optimizer_weight_decay': 1e-06,
            'output_features': {},
            'prediction_type': 'epsilon',
            'pretrained_backbone_weights': None,
            'pretrained_path': None,
            'private': None,
            'push_to_hub': False,
            'repo_id': None,
            'resize_shape': None,
            'scheduler_name': 'cosine',
            'scheduler_warmup_steps': 500,
            'spatial_softmax_num_keypoints': 32,
            'tags': None,
            'type': 'diffusion',
            'use_amp': False,
            'use_film_scale_modulation': True,
            'use_group_norm': True,
            'use_peft': False,
            'use_separate_rgb_encoder_per_camera': False,
            'vision_backbone': 'resnet18'},
 'rabc_epsilon': 1e-06,
 'rabc_head_mode': 'sparse',
 'rabc_kappa': 0.01,
 'rabc_progress_path': None,
 'rename_map': {},
 'resume': False,
 'save_checkpoint': False,
 'save_freq': 20000,
 'scheduler': {'name': 'cosine', 'num_warmup_steps': 500, 'type': 'diffuser'},
 'seed': 0,
 'steps': 200,
 'tolerance_s': 0.0001,
 'use_policy_training_preset': True,
 'use_rabc': False,
 'wandb': {'disable_artifact': False,
           'enable': False,
           'entity': None,
           'mode': None,
           'notes': None,
           'project': 'lerobot',
           'run_id': None}}
INFO 2026-08-19 17:52:14 ot_train.py:205 Logs will be saved locally.
INFO 2026-08-19 17:52:14 ot_train.py:217 Creating dataset
INFO 2026-08-19 17:52:14 eo_utils.py:106 Using video codec: libsvtav1
INFO 2026-08-19 17:52:15 ot_train.py:235 Creating policy
INFO 2026-08-19 17:52:17 ot_train.py:290 Creating optimizer and scheduler
INFO 2026-08-19 17:52:17 ot_train.py:325 Output dir: /leonardo_work/EUHPC_B38_106/cog/checkpoints/_smoke_blr_b256_52878355
INFO 2026-08-19 17:52:17 ot_train.py:332 cfg.steps=200 (200)
INFO 2026-08-19 17:52:17 ot_train.py:333 dataset.num_frames=5178 (5K)
INFO 2026-08-19 17:52:17 ot_train.py:334 dataset.num_episodes=25
INFO 2026-08-19 17:52:17 ot_train.py:337 Effective batch size: 256 x 1 = 256
INFO 2026-08-19 17:52:17 ot_train.py:338 num_learnable_params=266798375 (267M)
INFO 2026-08-19 17:52:17 ot_train.py:339 num_total_params=266798375 (267M)
INFO 2026-08-19 17:52:17 ot_train.py:403 Start offline training on a fixed dataset, with effective batch size: 256
/leonardo_work/EUHPC_B38_106/cog/miniforge3/envs/cog_lerobot/lib/python3.11/site-packages/torchvision/io/_video_deprecation_warning.py:5: UserWarning: The video decoding and encoding capabilities of torchvision are deprecated from version 0.22 and will be removed in version 0.24. We recommend that you migrate to TorchCodec, where we'll consolidate the future decoding/encoding capabilities of PyTorch: https://github.com/pytorch/torchcodec
  warnings.warn(
/leonardo_work/EUHPC_B38_106/cog/miniforge3/envs/cog_lerobot/lib/python3.11/site-packages/torchvision/io/_video_deprecation_warning.py:5: UserWarning: The video decoding and encoding capabilities of torchvision are deprecated from version 0.22 and will be removed in version 0.24. We recommend that you migrate to TorchCodec, where we'll consolidate the future decoding/encoding capabilities of PyTorch: https://github.com/pytorch/torchcodec
  warnings.warn(
/leonardo_work/EUHPC_B38_106/cog/miniforge3/envs/cog_lerobot/lib/python3.11/site-packages/torchvision/io/_video_deprecation_warning.py:5: UserWarning: The video decoding and encoding capabilities of torchvision are deprecated from version 0.22 and will be removed in version 0.24. We recommend that you migrate to TorchCodec, where we'll consolidate the future decoding/encoding capabilities of PyTorch: https://github.com/pytorch/torchcodec
  warnings.warn(
/leonardo_work/EUHPC_B38_106/cog/miniforge3/envs/cog_lerobot/lib/python3.11/site-packages/torchvision/io/_video_deprecation_warning.py:5: UserWarning: The video decoding and encoding capabilities of torchvision are deprecated from version 0.22 and will be removed in version 0.24. We recommend that you migrate to TorchCodec, where we'll consolidate the future decoding/encoding capabilities of PyTorch: https://github.com/pytorch/torchcodec
  warnings.warn(
/leonardo_work/EUHPC_B38_106/cog/miniforge3/envs/cog_lerobot/lib/python3.11/site-packages/torchvision/io/_video_deprecation_warning.py:5: UserWarning: The video decoding and encoding capabilities of torchvision are deprecated from version 0.22 and will be removed in version 0.24. We recommend that you migrate to TorchCodec, where we'll consolidate the future decoding/encoding capabilities of PyTorch: https://github.com/pytorch/torchcodec
  warnings.warn(
/leonardo_work/EUHPC_B38_106/cog/miniforge3/envs/cog_lerobot/lib/python3.11/site-packages/torchvision/io/_video_deprecation_warning.py:5: UserWarning: The video decoding and encoding capabilities of torchvision are deprecated from version 0.22 and will be removed in version 0.24. We recommend that you migrate to TorchCodec, where we'll consolidate the future decoding/encoding capabilities of PyTorch: https://github.com/pytorch/torchcodec
  warnings.warn(
/leonardo_work/EUHPC_B38_106/cog/miniforge3/envs/cog_lerobot/lib/python3.11/site-packages/torchvision/io/_video_deprecation_warning.py:5: UserWarning: The video decoding and encoding capabilities of torchvision are deprecated from version 0.22 and will be removed in version 0.24. We recommend that you migrate to TorchCodec, where we'll consolidate the future decoding/encoding capabilities of PyTorch: https://github.com/pytorch/torchcodec
  warnings.warn(
/leonardo_work/EUHPC_B38_106/cog/miniforge3/envs/cog_lerobot/lib/python3.11/site-packages/torchvision/io/_video_deprecation_warning.py:5: UserWarning: The video decoding and encoding capabilities of torchvision are deprecated from version 0.22 and will be removed in version 0.24. We recommend that you migrate to TorchCodec, where we'll consolidate the future decoding/encoding capabilities of PyTorch: https://github.com/pytorch/torchcodec
  warnings.warn(
/leonardo_work/EUHPC_B38_106/cog/miniforge3/envs/cog_lerobot/lib/python3.11/site-packages/torchvision/io/_video_deprecation_warning.py:5: UserWarning: The video decoding and encoding capabilities of torchvision are deprecated from version 0.22 and will be removed in version 0.24. We recommend that you migrate to TorchCodec, where we'll consolidate the future decoding/encoding capabilities of PyTorch: https://github.com/pytorch/torchcodec
  warnings.warn(
/leonardo_work/EUHPC_B38_106/cog/miniforge3/envs/cog_lerobot/lib/python3.11/site-packages/torchvision/io/_video_deprecation_warning.py:5: UserWarning: The video decoding and encoding capabilities of torchvision are deprecated from version 0.22 and will be removed in version 0.24. We recommend that you migrate to TorchCodec, where we'll consolidate the future decoding/encoding capabilities of PyTorch: https://github.com/pytorch/torchcodec
  warnings.warn(
/leonardo_work/EUHPC_B38_106/cog/miniforge3/envs/cog_lerobot/lib/python3.11/site-packages/torchvision/io/_video_deprecation_warning.py:5: UserWarning: The video decoding and encoding capabilities of torchvision are deprecated from version 0.22 and will be removed in version 0.24. We recommend that you migrate to TorchCodec, where we'll consolidate the future decoding/encoding capabilities of PyTorch: https://github.com/pytorch/torchcodec
  warnings.warn(
/leonardo_work/EUHPC_B38_106/cog/miniforge3/envs/cog_lerobot/lib/python3.11/site-packages/torchvision/io/_video_deprecation_warning.py:5: UserWarning: The video decoding and encoding capabilities of torchvision are deprecated from version 0.22 and will be removed in version 0.24. We recommend that you migrate to TorchCodec, where we'll consolidate the future decoding/encoding capabilities of PyTorch: https://github.com/pytorch/torchcodec
  warnings.warn(
/leonardo_work/EUHPC_B38_106/cog/miniforge3/envs/cog_lerobot/lib/python3.11/site-packages/torchvision/io/_video_deprecation_warning.py:5: UserWarning: The video decoding and encoding capabilities of torchvision are deprecated from version 0.22 and will be removed in version 0.24. We recommend that you migrate to TorchCodec, where we'll consolidate the future decoding/encoding capabilities of PyTorch: https://github.com/pytorch/torchcodec
  warnings.warn(
/leonardo_work/EUHPC_B38_106/cog/miniforge3/envs/cog_lerobot/lib/python3.11/site-packages/torchvision/io/_video_deprecation_warning.py:5: UserWarning: The video decoding and encoding capabilities of torchvision are deprecated from version 0.22 and will be removed in version 0.24. We recommend that you migrate to TorchCodec, where we'll consolidate the future decoding/encoding capabilities of PyTorch: https://github.com/pytorch/torchcodec
  warnings.warn(
/leonardo_work/EUHPC_B38_106/cog/miniforge3/envs/cog_lerobot/lib/python3.11/site-packages/torchvision/io/_video_deprecation_warning.py:5: UserWarning: The video decoding and encoding capabilities of torchvision are deprecated from version 0.22 and will be removed in version 0.24. We recommend that you migrate to TorchCodec, where we'll consolidate the future decoding/encoding capabilities of PyTorch: https://github.com/pytorch/torchcodec
  warnings.warn(
/leonardo_work/EUHPC_B38_106/cog/miniforge3/envs/cog_lerobot/lib/python3.11/site-packages/torchvision/io/_video_deprecation_warning.py:5: UserWarning: The video decoding and encoding capabilities of torchvision are deprecated from version 0.22 and will be removed in version 0.24. We recommend that you migrate to TorchCodec, where we'll consolidate the future decoding/encoding capabilities of PyTorch: https://github.com/pytorch/torchcodec
  warnings.warn(
INFO 2026-08-19 17:53:29 ot_train.py:435 step:25 smpl:6K ep:31 epch:1.24 loss:1.049 grdn:3.573 lr:5.2e-06 updt_s:0.450 data_s:2.438
/leonardo_work/EUHPC_B38_106/cog/miniforge3/envs/cog_lerobot/lib/python3.11/site-packages/torchvision/io/_video_deprecation_warning.py:5: UserWarning: The video decoding and encoding capabilities of torchvision are deprecated from version 0.22 and will be removed in version 0.24. We recommend that you migrate to TorchCodec, where we'll consolidate the future decoding/encoding capabilities of PyTorch: https://github.com/pytorch/torchcodec
  warnings.warn(
/leonardo_work/EUHPC_B38_106/cog/miniforge3/envs/cog_lerobot/lib/python3.11/site-packages/torchvision/io/_video_deprecation_warning.py:5: UserWarning: The video decoding and encoding capabilities of torchvision are deprecated from version 0.22 and will be removed in version 0.24. We recommend that you migrate to TorchCodec, where we'll consolidate the future decoding/encoding capabilities of PyTorch: https://github.com/pytorch/torchcodec
  warnings.warn(
/leonardo_work/EUHPC_B38_106/cog/miniforge3/envs/cog_lerobot/lib/python3.11/site-packages/torchvision/io/_video_deprecation_warning.py:5: UserWarning: The video decoding and encoding capabilities of torchvision are deprecated from version 0.22 and will be removed in version 0.24. We recommend that you migrate to TorchCodec, where we'll consolidate the future decoding/encoding capabilities of PyTorch: https://github.com/pytorch/torchcodec
  warnings.warn(
/leonardo_work/EUHPC_B38_106/cog/miniforge3/envs/cog_lerobot/lib/python3.11/site-packages/torchvision/io/_video_deprecation_warning.py:5: UserWarning: The video decoding and encoding capabilities of torchvision are deprecated from version 0.22 and will be removed in version 0.24. We recommend that you migrate to TorchCodec, where we'll consolidate the future decoding/encoding capabilities of PyTorch: https://github.com/pytorch/torchcodec
  warnings.warn(
/leonardo_work/EUHPC_B38_106/cog/miniforge3/envs/cog_lerobot/lib/python3.11/site-packages/torchvision/io/_video_deprecation_warning.py:5: UserWarning: The video decoding and encoding capabilities of torchvision are deprecated from version 0.22 and will be removed in version 0.24. We recommend that you migrate to TorchCodec, where we'll consolidate the future decoding/encoding capabilities of PyTorch: https://github.com/pytorch/torchcodec
  warnings.warn(
/leonardo_work/EUHPC_B38_106/cog/miniforge3/envs/cog_lerobot/lib/python3.11/site-packages/torchvision/io/_video_deprecation_warning.py:5: UserWarning: The video decoding and encoding capabilities of torchvision are deprecated from version 0.22 and will be removed in version 0.24. We recommend that you migrate to TorchCodec, where we'll consolidate the future decoding/encoding capabilities of PyTorch: https://github.com/pytorch/torchcodec
  warnings.warn(
/leonardo_work/EUHPC_B38_106/cog/miniforge3/envs/cog_lerobot/lib/python3.11/site-packages/torchvision/io/_video_deprecation_warning.py:5: UserWarning: The video decoding and encoding capabilities of torchvision are deprecated from version 0.22 and will be removed in version 0.24. We recommend that you migrate to TorchCodec, where we'll consolidate the future decoding/encoding capabilities of PyTorch: https://github.com/pytorch/torchcodec
  warnings.warn(
/leonardo_work/EUHPC_B38_106/cog/miniforge3/envs/cog_lerobot/lib/python3.11/site-packages/torchvision/io/_video_deprecation_warning.py:5: UserWarning: The video decoding and encoding capabilities of torchvision are deprecated from version 0.22 and will be removed in version 0.24. We recommend that you migrate to TorchCodec, where we'll consolidate the future decoding/encoding capabilities of PyTorch: https://github.com/pytorch/torchcodec
  warnings.warn(
INFO 2026-08-19 17:54:36 ot_train.py:435 step:50 smpl:13K ep:62 epch:2.47 loss:0.953 grdn:1.470 lr:1.5e-05 updt_s:0.156 data_s:2.520
/leonardo_work/EUHPC_B38_106/cog/miniforge3/envs/cog_lerobot/lib/python3.11/site-packages/torchvision/io/_video_deprecation_warning.py:5: UserWarning: The video decoding and encoding capabilities of torchvision are deprecated from version 0.22 and will be removed in version 0.24. We recommend that you migrate to TorchCodec, where we'll consolidate the future decoding/encoding capabilities of PyTorch: https://github.com/pytorch/torchcodec
  warnings.warn(
/leonardo_work/EUHPC_B38_106/cog/miniforge3/envs/cog_lerobot/lib/python3.11/site-packages/torchvision/io/_video_deprecation_warning.py:5: UserWarning: The video decoding and encoding capabilities of torchvision are deprecated from version 0.22 and will be removed in version 0.24. We recommend that you migrate to TorchCodec, where we'll consolidate the future decoding/encoding capabilities of PyTorch: https://github.com/pytorch/torchcodec
  warnings.warn(
/leonardo_work/EUHPC_B38_106/cog/miniforge3/envs/cog_lerobot/lib/python3.11/site-packages/torchvision/io/_video_deprecation_warning.py:5: UserWarning: The video decoding and encoding capabilities of torchvision are deprecated from version 0.22 and will be removed in version 0.24. We recommend that you migrate to TorchCodec, where we'll consolidate the future decoding/encoding capabilities of PyTorch: https://github.com/pytorch/torchcodec
  warnings.warn(
/leonardo_work/EUHPC_B38_106/cog/miniforge3/envs/cog_lerobot/lib/python3.11/site-packages/torchvision/io/_video_deprecation_warning.py:5: UserWarning: The video decoding and encoding capabilities of torchvision are deprecated from version 0.22 and will be removed in version 0.24. We recommend that you migrate to TorchCodec, where we'll consolidate the future decoding/encoding capabilities of PyTorch: https://github.com/pytorch/torchcodec
  warnings.warn(
/leonardo_work/EUHPC_B38_106/cog/miniforge3/envs/cog_lerobot/lib/python3.11/site-packages/torchvision/io/_video_deprecation_warning.py:5: UserWarning: The video decoding and encoding capabilities of torchvision are deprecated from version 0.22 and will be removed in version 0.24. We recommend that you migrate to TorchCodec, where we'll consolidate the future decoding/encoding capabilities of PyTorch: https://github.com/pytorch/torchcodec
  warnings.warn(
/leonardo_work/EUHPC_B38_106/cog/miniforge3/envs/cog_lerobot/lib/python3.11/site-packages/torchvision/io/_video_deprecation_warning.py:5: UserWarning: The video decoding and encoding capabilities of torchvision are deprecated from version 0.22 and will be removed in version 0.24. We recommend that you migrate to TorchCodec, where we'll consolidate the future decoding/encoding capabilities of PyTorch: https://github.com/pytorch/torchcodec
  warnings.warn(
/leonardo_work/EUHPC_B38_106/cog/miniforge3/envs/cog_lerobot/lib/python3.11/site-packages/torchvision/io/_video_deprecation_warning.py:5: UserWarning: The video decoding and encoding capabilities of torchvision are deprecated from version 0.22 and will be removed in version 0.24. We recommend that you migrate to TorchCodec, where we'll consolidate the future decoding/encoding capabilities of PyTorch: https://github.com/pytorch/torchcodec
  warnings.warn(
/leonardo_work/EUHPC_B38_106/cog/miniforge3/envs/cog_lerobot/lib/python3.11/site-packages/torchvision/io/_video_deprecation_warning.py:5: UserWarning: The video decoding and encoding capabilities of torchvision are deprecated from version 0.22 and will be removed in version 0.24. We recommend that you migrate to TorchCodec, where we'll consolidate the future decoding/encoding capabilities of PyTorch: https://github.com/pytorch/torchcodec
  warnings.warn(
INFO 2026-08-19 17:55:27 ot_train.py:435 step:75 smpl:19K ep:93 epch:3.71 loss:0.608 grdn:2.553 lr:2.5e-05 updt_s:0.155 data_s:1.901
/leonardo_work/EUHPC_B38_106/cog/miniforge3/envs/cog_lerobot/lib/python3.11/site-packages/torchvision/io/_video_deprecation_warning.py:5: UserWarning: The video decoding and encoding capabilities of torchvision are deprecated from version 0.22 and will be removed in version 0.24. We recommend that you migrate to TorchCodec, where we'll consolidate the future decoding/encoding capabilities of PyTorch: https://github.com/pytorch/torchcodec
  warnings.warn(
/leonardo_work/EUHPC_B38_106/cog/miniforge3/envs/cog_lerobot/lib/python3.11/site-packages/torchvision/io/_video_deprecation_warning.py:5: UserWarning: The video decoding and encoding capabilities of torchvision are deprecated from version 0.22 and will be removed in version 0.24. We recommend that you migrate to TorchCodec, where we'll consolidate the future decoding/encoding capabilities of PyTorch: https://github.com/pytorch/torchcodec
  warnings.warn(
/leonardo_work/EUHPC_B38_106/cog/miniforge3/envs/cog_lerobot/lib/python3.11/site-packages/torchvision/io/_video_deprecation_warning.py:5: UserWarning: The video decoding and encoding capabilities of torchvision are deprecated from version 0.22 and will be removed in version 0.24. We recommend that you migrate to TorchCodec, where we'll consolidate the future decoding/encoding capabilities of PyTorch: https://github.com/pytorch/torchcodec
  warnings.warn(
/leonardo_work/EUHPC_B38_106/cog/miniforge3/envs/cog_lerobot/lib/python3.11/site-packages/torchvision/io/_video_deprecation_warning.py:5: UserWarning: The video decoding and encoding capabilities of torchvision are deprecated from version 0.22 and will be removed in version 0.24. We recommend that you migrate to TorchCodec, where we'll consolidate the future decoding/encoding capabilities of PyTorch: https://github.com/pytorch/torchcodec
  warnings.warn(
/leonardo_work/EUHPC_B38_106/cog/miniforge3/envs/cog_lerobot/lib/python3.11/site-packages/torchvision/io/_video_deprecation_warning.py:5: UserWarning: The video decoding and encoding capabilities of torchvision are deprecated from version 0.22 and will be removed in version 0.24. We recommend that you migrate to TorchCodec, where we'll consolidate the future decoding/encoding capabilities of PyTorch: https://github.com/pytorch/torchcodec
  warnings.warn(
/leonardo_work/EUHPC_B38_106/cog/miniforge3/envs/cog_lerobot/lib/python3.11/site-packages/torchvision/io/_video_deprecation_warning.py:5: UserWarning: The video decoding and encoding capabilities of torchvision are deprecated from version 0.22 and will be removed in version 0.24. We recommend that you migrate to TorchCodec, where we'll consolidate the future decoding/encoding capabilities of PyTorch: https://github.com/pytorch/torchcodec
  warnings.warn(
/leonardo_work/EUHPC_B38_106/cog/miniforge3/envs/cog_lerobot/lib/python3.11/site-packages/torchvision/io/_video_deprecation_warning.py:5: UserWarning: The video decoding and encoding capabilities of torchvision are deprecated from version 0.22 and will be removed in version 0.24. We recommend that you migrate to TorchCodec, where we'll consolidate the future decoding/encoding capabilities of PyTorch: https://github.com/pytorch/torchcodec
  warnings.warn(
/leonardo_work/EUHPC_B38_106/cog/miniforge3/envs/cog_lerobot/lib/python3.11/site-packages/torchvision/io/_video_deprecation_warning.py:5: UserWarning: The video decoding and encoding capabilities of torchvision are deprecated from version 0.22 and will be removed in version 0.24. We recommend that you migrate to TorchCodec, where we'll consolidate the future decoding/encoding capabilities of PyTorch: https://github.com/pytorch/torchcodec
  warnings.warn(
INFO 2026-08-19 17:56:33 ot_train.py:435 step:100 smpl:26K ep:124 epch:4.94 loss:0.277 grdn:3.220 lr:3.5e-05 updt_s:0.153 data_s:2.477
/leonardo_work/EUHPC_B38_106/cog/miniforge3/envs/cog_lerobot/lib/python3.11/site-packages/torchvision/io/_video_deprecation_warning.py:5: UserWarning: The video decoding and encoding capabilities of torchvision are deprecated from version 0.22 and will be removed in version 0.24. We recommend that you migrate to TorchCodec, where we'll consolidate the future decoding/encoding capabilities of PyTorch: https://github.com/pytorch/torchcodec
  warnings.warn(
/leonardo_work/EUHPC_B38_106/cog/miniforge3/envs/cog_lerobot/lib/python3.11/site-packages/torchvision/io/_video_deprecation_warning.py:5: UserWarning: The video decoding and encoding capabilities of torchvision are deprecated from version 0.22 and will be removed in version 0.24. We recommend that you migrate to TorchCodec, where we'll consolidate the future decoding/encoding capabilities of PyTorch: https://github.com/pytorch/torchcodec
  warnings.warn(
/leonardo_work/EUHPC_B38_106/cog/miniforge3/envs/cog_lerobot/lib/python3.11/site-packages/torchvision/io/_video_deprecation_warning.py:5: UserWarning: The video decoding and encoding capabilities of torchvision are deprecated from version 0.22 and will be removed in version 0.24. We recommend that you migrate to TorchCodec, where we'll consolidate the future decoding/encoding capabilities of PyTorch: https://github.com/pytorch/torchcodec
  warnings.warn(
/leonardo_work/EUHPC_B38_106/cog/miniforge3/envs/cog_lerobot/lib/python3.11/site-packages/torchvision/io/_video_deprecation_warning.py:5: UserWarning: The video decoding and encoding capabilities of torchvision are deprecated from version 0.22 and will be removed in version 0.24. We recommend that you migrate to TorchCodec, where we'll consolidate the future decoding/encoding capabilities of PyTorch: https://github.com/pytorch/torchcodec
  warnings.warn(
/leonardo_work/EUHPC_B38_106/cog/miniforge3/envs/cog_lerobot/lib/python3.11/site-packages/torchvision/io/_video_deprecation_warning.py:5: UserWarning: The video decoding and encoding capabilities of torchvision are deprecated from version 0.22 and will be removed in version 0.24. We recommend that you migrate to TorchCodec, where we'll consolidate the future decoding/encoding capabilities of PyTorch: https://github.com/pytorch/torchcodec
  warnings.warn(
/leonardo_work/EUHPC_B38_106/cog/miniforge3/envs/cog_lerobot/lib/python3.11/site-packages/torchvision/io/_video_deprecation_warning.py:5: UserWarning: The video decoding and encoding capabilities of torchvision are deprecated from version 0.22 and will be removed in version 0.24. We recommend that you migrate to TorchCodec, where we'll consolidate the future decoding/encoding capabilities of PyTorch: https://github.com/pytorch/torchcodec
  warnings.warn(
/leonardo_work/EUHPC_B38_106/cog/miniforge3/envs/cog_lerobot/lib/python3.11/site-packages/torchvision/io/_video_deprecation_warning.py:5: UserWarning: The video decoding and encoding capabilities of torchvision are deprecated from version 0.22 and will be removed in version 0.24. We recommend that you migrate to TorchCodec, where we'll consolidate the future decoding/encoding capabilities of PyTorch: https://github.com/pytorch/torchcodec
  warnings.warn(
/leonardo_work/EUHPC_B38_106/cog/miniforge3/envs/cog_lerobot/lib/python3.11/site-packages/torchvision/io/_video_deprecation_warning.py:5: UserWarning: The video decoding and encoding capabilities of torchvision are deprecated from version 0.22 and will be removed in version 0.24. We recommend that you migrate to TorchCodec, where we'll consolidate the future decoding/encoding capabilities of PyTorch: https://github.com/pytorch/torchcodec
  warnings.warn(
/leonardo_work/EUHPC_B38_106/cog/miniforge3/envs/cog_lerobot/lib/python3.11/site-packages/torchvision/io/_video_deprecation_warning.py:5: UserWarning: The video decoding and encoding capabilities of torchvision are deprecated from version 0.22 and will be removed in version 0.24. We recommend that you migrate to TorchCodec, where we'll consolidate the future decoding/encoding capabilities of PyTorch: https://github.com/pytorch/torchcodec
  warnings.warn(
/leonardo_work/EUHPC_B38_106/cog/miniforge3/envs/cog_lerobot/lib/python3.11/site-packages/torchvision/io/_video_deprecation_warning.py:5: UserWarning: The video decoding and encoding capabilities of torchvision are deprecated from version 0.22 and will be removed in version 0.24. We recommend that you migrate to TorchCodec, where we'll consolidate the future decoding/encoding capabilities of PyTorch: https://github.com/pytorch/torchcodec
  warnings.warn(
/leonardo_work/EUHPC_B38_106/cog/miniforge3/envs/cog_lerobot/lib/python3.11/site-packages/torchvision/io/_video_deprecation_warning.py:5: UserWarning: The video decoding and encoding capabilities of torchvision are deprecated from version 0.22 and will be removed in version 0.24. We recommend that you migrate to TorchCodec, where we'll consolidate the future decoding/encoding capabilities of PyTorch: https://github.com/pytorch/torchcodec
  warnings.warn(
/leonardo_work/EUHPC_B38_106/cog/miniforge3/envs/cog_lerobot/lib/python3.11/site-packages/torchvision/io/_video_deprecation_warning.py:5: UserWarning: The video decoding and encoding capabilities of torchvision are deprecated from version 0.22 and will be removed in version 0.24. We recommend that you migrate to TorchCodec, where we'll consolidate the future decoding/encoding capabilities of PyTorch: https://github.com/pytorch/torchcodec
  warnings.warn(
/leonardo_work/EUHPC_B38_106/cog/miniforge3/envs/cog_lerobot/lib/python3.11/site-packages/torchvision/io/_video_deprecation_warning.py:5: UserWarning: The video decoding and encoding capabilities of torchvision are deprecated from version 0.22 and will be removed in version 0.24. We recommend that you migrate to TorchCodec, where we'll consolidate the future decoding/encoding capabilities of PyTorch: https://github.com/pytorch/torchcodec
  warnings.warn(
/leonardo_work/EUHPC_B38_106/cog/miniforge3/envs/cog_lerobot/lib/python3.11/site-packages/torchvision/io/_video_deprecation_warning.py:5: UserWarning: The video decoding and encoding capabilities of torchvision are deprecated from version 0.22 and will be removed in version 0.24. We recommend that you migrate to TorchCodec, where we'll consolidate the future decoding/encoding capabilities of PyTorch: https://github.com/pytorch/torchcodec
  warnings.warn(
/leonardo_work/EUHPC_B38_106/cog/miniforge3/envs/cog_lerobot/lib/python3.11/site-packages/torchvision/io/_video_deprecation_warning.py:5: UserWarning: The video decoding and encoding capabilities of torchvision are deprecated from version 0.22 and will be removed in version 0.24. We recommend that you migrate to TorchCodec, where we'll consolidate the future decoding/encoding capabilities of PyTorch: https://github.com/pytorch/torchcodec
  warnings.warn(
/leonardo_work/EUHPC_B38_106/cog/miniforge3/envs/cog_lerobot/lib/python3.11/site-packages/torchvision/io/_video_deprecation_warning.py:5: UserWarning: The video decoding and encoding capabilities of torchvision are deprecated from version 0.22 and will be removed in version 0.24. We recommend that you migrate to TorchCodec, where we'll consolidate the future decoding/encoding capabilities of PyTorch: https://github.com/pytorch/torchcodec
  warnings.warn(
INFO 2026-08-19 17:57:41 ot_train.py:435 step:125 smpl:32K ep:154 epch:6.18 loss:0.204 grdn:2.232 lr:4.5e-05 updt_s:0.155 data_s:2.575
/leonardo_work/EUHPC_B38_106/cog/miniforge3/envs/cog_lerobot/lib/python3.11/site-packages/torchvision/io/_video_deprecation_warning.py:5: UserWarning: The video decoding and encoding capabilities of torchvision are deprecated from version 0.22 and will be removed in version 0.24. We recommend that you migrate to TorchCodec, where we'll consolidate the future decoding/encoding capabilities of PyTorch: https://github.com/pytorch/torchcodec
  warnings.warn(
/leonardo_work/EUHPC_B38_106/cog/miniforge3/envs/cog_lerobot/lib/python3.11/site-packages/torchvision/io/_video_deprecation_warning.py:5: UserWarning: The video decoding and encoding capabilities of torchvision are deprecated from version 0.22 and will be removed in version 0.24. We recommend that you migrate to TorchCodec, where we'll consolidate the future decoding/encoding capabilities of PyTorch: https://github.com/pytorch/torchcodec
  warnings.warn(
/leonardo_work/EUHPC_B38_106/cog/miniforge3/envs/cog_lerobot/lib/python3.11/site-packages/torchvision/io/_video_deprecation_warning.py:5: UserWarning: The video decoding and encoding capabilities of torchvision are deprecated from version 0.22 and will be removed in version 0.24. We recommend that you migrate to TorchCodec, where we'll consolidate the future decoding/encoding capabilities of PyTorch: https://github.com/pytorch/torchcodec
  warnings.warn(
/leonardo_work/EUHPC_B38_106/cog/miniforge3/envs/cog_lerobot/lib/python3.11/site-packages/torchvision/io/_video_deprecation_warning.py:5: UserWarning: The video decoding and encoding capabilities of torchvision are deprecated from version 0.22 and will be removed in version 0.24. We recommend that you migrate to TorchCodec, where we'll consolidate the future decoding/encoding capabilities of PyTorch: https://github.com/pytorch/torchcodec
  warnings.warn(
/leonardo_work/EUHPC_B38_106/cog/miniforge3/envs/cog_lerobot/lib/python3.11/site-packages/torchvision/io/_video_deprecation_warning.py:5: UserWarning: The video decoding and encoding capabilities of torchvision are deprecated from version 0.22 and will be removed in version 0.24. We recommend that you migrate to TorchCodec, where we'll consolidate the future decoding/encoding capabilities of PyTorch: https://github.com/pytorch/torchcodec
  warnings.warn(
/leonardo_work/EUHPC_B38_106/cog/miniforge3/envs/cog_lerobot/lib/python3.11/site-packages/torchvision/io/_video_deprecation_warning.py:5: UserWarning: The video decoding and encoding capabilities of torchvision are deprecated from version 0.22 and will be removed in version 0.24. We recommend that you migrate to TorchCodec, where we'll consolidate the future decoding/encoding capabilities of PyTorch: https://github.com/pytorch/torchcodec
  warnings.warn(
/leonardo_work/EUHPC_B38_106/cog/miniforge3/envs/cog_lerobot/lib/python3.11/site-packages/torchvision/io/_video_deprecation_warning.py:5: UserWarning: The video decoding and encoding capabilities of torchvision are deprecated from version 0.22 and will be removed in version 0.24. We recommend that you migrate to TorchCodec, where we'll consolidate the future decoding/encoding capabilities of PyTorch: https://github.com/pytorch/torchcodec
  warnings.warn(
/leonardo_work/EUHPC_B38_106/cog/miniforge3/envs/cog_lerobot/lib/python3.11/site-packages/torchvision/io/_video_deprecation_warning.py:5: UserWarning: The video decoding and encoding capabilities of torchvision are deprecated from version 0.22 and will be removed in version 0.24. We recommend that you migrate to TorchCodec, where we'll consolidate the future decoding/encoding capabilities of PyTorch: https://github.com/pytorch/torchcodec
  warnings.warn(
INFO 2026-08-19 17:58:48 ot_train.py:435 step:150 smpl:38K ep:185 epch:7.42 loss:0.167 grdn:2.099 lr:5.5e-05 updt_s:0.155 data_s:2.509
/leonardo_work/EUHPC_B38_106/cog/miniforge3/envs/cog_lerobot/lib/python3.11/site-packages/torchvision/io/_video_deprecation_warning.py:5: UserWarning: The video decoding and encoding capabilities of torchvision are deprecated from version 0.22 and will be removed in version 0.24. We recommend that you migrate to TorchCodec, where we'll consolidate the future decoding/encoding capabilities of PyTorch: https://github.com/pytorch/torchcodec
  warnings.warn(
/leonardo_work/EUHPC_B38_106/cog/miniforge3/envs/cog_lerobot/lib/python3.11/site-packages/torchvision/io/_video_deprecation_warning.py:5: UserWarning: The video decoding and encoding capabilities of torchvision are deprecated from version 0.22 and will be removed in version 0.24. We recommend that you migrate to TorchCodec, where we'll consolidate the future decoding/encoding capabilities of PyTorch: https://github.com/pytorch/torchcodec
  warnings.warn(
/leonardo_work/EUHPC_B38_106/cog/miniforge3/envs/cog_lerobot/lib/python3.11/site-packages/torchvision/io/_video_deprecation_warning.py:5: UserWarning: The video decoding and encoding capabilities of torchvision are deprecated from version 0.22 and will be removed in version 0.24. We recommend that you migrate to TorchCodec, where we'll consolidate the future decoding/encoding capabilities of PyTorch: https://github.com/pytorch/torchcodec
  warnings.warn(
/leonardo_work/EUHPC_B38_106/cog/miniforge3/envs/cog_lerobot/lib/python3.11/site-packages/torchvision/io/_video_deprecation_warning.py:5: UserWarning: The video decoding and encoding capabilities of torchvision are deprecated from version 0.22 and will be removed in version 0.24. We recommend that you migrate to TorchCodec, where we'll consolidate the future decoding/encoding capabilities of PyTorch: https://github.com/pytorch/torchcodec
  warnings.warn(
/leonardo_work/EUHPC_B38_106/cog/miniforge3/envs/cog_lerobot/lib/python3.11/site-packages/torchvision/io/_video_deprecation_warning.py:5: UserWarning: The video decoding and encoding capabilities of torchvision are deprecated from version 0.22 and will be removed in version 0.24. We recommend that you migrate to TorchCodec, where we'll consolidate the future decoding/encoding capabilities of PyTorch: https://github.com/pytorch/torchcodec
  warnings.warn(
/leonardo_work/EUHPC_B38_106/cog/miniforge3/envs/cog_lerobot/lib/python3.11/site-packages/torchvision/io/_video_deprecation_warning.py:5: UserWarning: The video decoding and encoding capabilities of torchvision are deprecated from version 0.22 and will be removed in version 0.24. We recommend that you migrate to TorchCodec, where we'll consolidate the future decoding/encoding capabilities of PyTorch: https://github.com/pytorch/torchcodec
  warnings.warn(
/leonardo_work/EUHPC_B38_106/cog/miniforge3/envs/cog_lerobot/lib/python3.11/site-packages/torchvision/io/_video_deprecation_warning.py:5: UserWarning: The video decoding and encoding capabilities of torchvision are deprecated from version 0.22 and will be removed in version 0.24. We recommend that you migrate to TorchCodec, where we'll consolidate the future decoding/encoding capabilities of PyTorch: https://github.com/pytorch/torchcodec
  warnings.warn(
/leonardo_work/EUHPC_B38_106/cog/miniforge3/envs/cog_lerobot/lib/python3.11/site-packages/torchvision/io/_video_deprecation_warning.py:5: UserWarning: The video decoding and encoding capabilities of torchvision are deprecated from version 0.22 and will be removed in version 0.24. We recommend that you migrate to TorchCodec, where we'll consolidate the future decoding/encoding capabilities of PyTorch: https://github.com/pytorch/torchcodec
  warnings.warn(
INFO 2026-08-19 17:59:38 ot_train.py:435 step:175 smpl:45K ep:216 epch:8.65 loss:0.153 grdn:2.087 lr:6.5e-05 updt_s:0.155 data_s:1.874
/leonardo_work/EUHPC_B38_106/cog/miniforge3/envs/cog_lerobot/lib/python3.11/site-packages/torchvision/io/_video_deprecation_warning.py:5: UserWarning: The video decoding and encoding capabilities of torchvision are deprecated from version 0.22 and will be removed in version 0.24. We recommend that you migrate to TorchCodec, where we'll consolidate the future decoding/encoding capabilities of PyTorch: https://github.com/pytorch/torchcodec
  warnings.warn(
/leonardo_work/EUHPC_B38_106/cog/miniforge3/envs/cog_lerobot/lib/python3.11/site-packages/torchvision/io/_video_deprecation_warning.py:5: UserWarning: The video decoding and encoding capabilities of torchvision are deprecated from version 0.22 and will be removed in version 0.24. We recommend that you migrate to TorchCodec, where we'll consolidate the future decoding/encoding capabilities of PyTorch: https://github.com/pytorch/torchcodec
  warnings.warn(
/leonardo_work/EUHPC_B38_106/cog/miniforge3/envs/cog_lerobot/lib/python3.11/site-packages/torchvision/io/_video_deprecation_warning.py:5: UserWarning: The video decoding and encoding capabilities of torchvision are deprecated from version 0.22 and will be removed in version 0.24. We recommend that you migrate to TorchCodec, where we'll consolidate the future decoding/encoding capabilities of PyTorch: https://github.com/pytorch/torchcodec
  warnings.warn(
/leonardo_work/EUHPC_B38_106/cog/miniforge3/envs/cog_lerobot/lib/python3.11/site-packages/torchvision/io/_video_deprecation_warning.py:5: UserWarning: The video decoding and encoding capabilities of torchvision are deprecated from version 0.22 and will be removed in version 0.24. We recommend that you migrate to TorchCodec, where we'll consolidate the future decoding/encoding capabilities of PyTorch: https://github.com/pytorch/torchcodec
  warnings.warn(
/leonardo_work/EUHPC_B38_106/cog/miniforge3/envs/cog_lerobot/lib/python3.11/site-packages/torchvision/io/_video_deprecation_warning.py:5: UserWarning: The video decoding and encoding capabilities of torchvision are deprecated from version 0.22 and will be removed in version 0.24. We recommend that you migrate to TorchCodec, where we'll consolidate the future decoding/encoding capabilities of PyTorch: https://github.com/pytorch/torchcodec
  warnings.warn(
/leonardo_work/EUHPC_B38_106/cog/miniforge3/envs/cog_lerobot/lib/python3.11/site-packages/torchvision/io/_video_deprecation_warning.py:5: UserWarning: The video decoding and encoding capabilities of torchvision are deprecated from version 0.22 and will be removed in version 0.24. We recommend that you migrate to TorchCodec, where we'll consolidate the future decoding/encoding capabilities of PyTorch: https://github.com/pytorch/torchcodec
  warnings.warn(
/leonardo_work/EUHPC_B38_106/cog/miniforge3/envs/cog_lerobot/lib/python3.11/site-packages/torchvision/io/_video_deprecation_warning.py:5: UserWarning: The video decoding and encoding capabilities of torchvision are deprecated from version 0.22 and will be removed in version 0.24. We recommend that you migrate to TorchCodec, where we'll consolidate the future decoding/encoding capabilities of PyTorch: https://github.com/pytorch/torchcodec
  warnings.warn(
/leonardo_work/EUHPC_B38_106/cog/miniforge3/envs/cog_lerobot/lib/python3.11/site-packages/torchvision/io/_video_deprecation_warning.py:5: UserWarning: The video decoding and encoding capabilities of torchvision are deprecated from version 0.22 and will be removed in version 0.24. We recommend that you migrate to TorchCodec, where we'll consolidate the future decoding/encoding capabilities of PyTorch: https://github.com/pytorch/torchcodec
  warnings.warn(
INFO 2026-08-19 18:00:43 ot_train.py:435 step:200 smpl:51K ep:247 epch:9.89 loss:0.149 grdn:2.051 lr:7.5e-05 updt_s:0.153 data_s:2.410
INFO 2026-08-19 18:00:43 ot_train.py:529 End of training
